// Jest Snapshot v1, https://goo.gl/fbAQLP

exports[`Dropdown Renders dropdown with default props 1`] = `ShallowWrapper {}`;
