// Jest Snapshot v1, https://goo.gl/fbAQLP

exports[`Button Renders button with default props 1`] = `ShallowWrapper {}`;
